// Jest Snapshot v1, https://goo.gl/fbAQLP

exports[`Movie is expected to render Movie correctly 1`] = `
<section
  className="movie"
>
  <div
    className="movie__img"
  >
    <img
      alt="Pulp Fiction"
      height="400"
      width="200"
    />
  </div>
  <div
    className="movie__info"
  >
    <h2
      className="movie__title"
    >
      Pulp Fiction
    </h2>
    <h3
      className="movie__short-desc"
    >
      Oscar Winning Movies
    </h3>
    <span
      className="movie__year"
    >
      1994
    </span>
    <span
      className="movie__duration"
    >
      154 min
    </span>
    <p
      className="movie__long-desc"
    >
      Sed ut perspiciatis unde omnis iste natus error sit voluptatem accusantium doloremque laudantium, totam rem aperiam, eaque ipsa quae ab illo inventore veritatis et quasi architecto beatae vitae dicta sunt explicabo.
    </p>
  </div>
</section>
`;
